2026-01-20 15:51:26 +08:00:    ▲ Next.js 16.0.5
2026-01-20 15:51:26 +08:00:    - Local:         http://localhost:3000
2026-01-20 15:51:26 +08:00:    - Network:       http://192.168.31.46:3000
2026-01-20 15:51:26 +08:00: 
2026-01-20 15:51:26 +08:00:  ✓ Starting...
2026-01-20 15:51:27 +08:00:  ✓ Ready in 1627ms
2026-01-20 22:49:16 +08:00:    ▲ Next.js 16.0.5
2026-01-20 22:49:16 +08:00:    - Local:         http://localhost:3000
2026-01-20 22:49:16 +08:00:    - Network:       http://192.168.31.46:3000
2026-01-20 22:49:16 +08:00: 
2026-01-20 22:49:16 +08:00:  ✓ Starting...
2026-01-20 22:49:16 +08:00:  ✓ Ready in 714ms
2026-01-20 22:50:24 +08:00:    ▲ Next.js 16.0.5
2026-01-20 22:50:24 +08:00:    - Local:         http://localhost:3000
2026-01-20 22:50:24 +08:00:    - Network:       http://192.168.31.46:3000
2026-01-20 22:50:24 +08:00: 
2026-01-20 22:50:24 +08:00:  ✓ Starting...
2026-01-20 22:50:24 +08:00:  ✓ Ready in 613ms
2026-01-20 22:50:53 +08:00:    ▲ Next.js 16.0.5
2026-01-20 22:50:53 +08:00:    - Local:         http://localhost:3000
2026-01-20 22:50:53 +08:00:    - Network:       http://192.168.31.46:3000
2026-01-20 22:50:53 +08:00: 
2026-01-20 22:50:53 +08:00:  ✓ Starting...
2026-01-20 22:50:53 +08:00:  ✓ Ready in 541ms
2026-01-20 22:51:07 +08:00:    ▲ Next.js 16.0.5
2026-01-20 22:51:07 +08:00:    - Local:         http://localhost:3000
2026-01-20 22:51:07 +08:00:    - Network:       http://192.168.31.46:3000
2026-01-20 22:51:07 +08:00: 
2026-01-20 22:51:07 +08:00:  ✓ Starting...
2026-01-20 22:51:08 +08:00:  ✓ Ready in 713ms
2026-01-20 22:51:33 +08:00:    ▲ Next.js 16.0.5
2026-01-20 22:51:33 +08:00:    - Local:         http://localhost:3000
2026-01-20 22:51:33 +08:00:    - Network:       http://192.168.31.46:3000
2026-01-20 22:51:33 +08:00: 
2026-01-20 22:51:33 +08:00:  ✓ Starting...
2026-01-20 22:51:33 +08:00:  ✓ Ready in 618ms
2026-01-20 22:53:28 +08:00:    ▲ Next.js 16.0.5
2026-01-20 22:53:28 +08:00:    - Local:         http://localhost:3000
2026-01-20 22:53:28 +08:00:    - Network:       http://192.168.31.46:3000
2026-01-20 22:53:28 +08:00: 
2026-01-20 22:53:28 +08:00:  ✓ Starting...
2026-01-20 22:53:28 +08:00:  ✓ Ready in 565ms
2026-01-20 22:55:41 +08:00:    ▲ Next.js 16.0.5
2026-01-20 22:55:41 +08:00:    - Local:         http://localhost:3000
2026-01-20 22:55:41 +08:00:    - Network:       http://192.168.31.46:3000
2026-01-20 22:55:41 +08:00: 
2026-01-20 22:55:41 +08:00:  ✓ Starting...
2026-01-20 22:55:42 +08:00:  ✓ Ready in 649ms
2026-01-20 22:56:12 +08:00:    ▲ Next.js 16.0.5
2026-01-20 22:56:12 +08:00:    - Local:         http://localhost:3000
2026-01-20 22:56:12 +08:00:    - Network:       http://192.168.31.46:3000
2026-01-20 22:56:12 +08:00: 
2026-01-20 22:56:12 +08:00:  ✓ Starting...
2026-01-20 22:56:13 +08:00:  ✓ Ready in 512ms
